Microchip MPLAB XC8 Compiler V2.00 ()

Linker command line:

-W-3 --edf=/opt/microchip/xc8/v2.00/pic/dat/en_msgs.txt -cs \
  -h+dist/default/production/buzzer2.X.production.sym \
  --cmf=dist/default/production/buzzer2.X.production.cmf -z -Q18F4520 \
  -o/tmp/xcX1YZZ4O --defsym=__MPLAB_BUILD=1 \
  -Mdist/default/production/buzzer2.X.production.map -E1 -ver=XC8 \
  --acfsm=1493 -ASTACK=0EBh-05ffh -pstack=STACK -ACODE=00h-07FFFh \
  -ACONST=00h-07FFFh -ASMALLCONST=0600h-06FFhx122 \
  -AMEDIUMCONST=0600h-07FFFh -ACOMRAM=01h-07Fh -AABS1=00h-05FFh \
  -ABIGRAM=01h-05FFh -ARAM=080h-0FFh,0100h-01FFhx5 -ABANK0=080h-0FFh \
  -ABANK1=0100h-01FFh -ABANK2=0200h-02FFh -ABANK3=0300h-03FFh \
  -ABANK4=0400h-04FFh -ABANK5=0500h-05FFh -ASFR=0F80h-0FFFh \
  -preset_vec=00h,intcode=08h,intcodelo,powerup,init -pramtop=0600h \
  -psmallconst=SMALLCONST -pmediumconst=MEDIUMCONST -pconst=CONST \
  -AFARRAM=00h-00h -ACONFIG=0300000h-030000Dh -pconfig=CONFIG \
  -AIDLOC=0200000h-0200007h -pidloc=IDLOC -AEEDATA=0F00000h-0F000FFh \
  -peeprom_data=EEDATA \
  -prdata=COMRAM,nvrram=COMRAM,nvbit=COMRAM,rbss=COMRAM,rbit=COMRAM \
  -pfarbss=FARRAM,fardata=FARRAM,nvFARRAM=FARRAM \
  -pintsave_regs=BIGRAM,bigbss=BIGRAM,bigdata=BIGRAM -pbss=RAM \
  -pidata=CODE,irdata=CODE,ibigdata=CODE,ifardata=CODE -prparam=COMRAM \
  /tmp/xcXF944Rk.o dist/default/production/buzzer2.X.production.o 

Object code version is 3.11

Machine type is 18F4520

Call graph: (short form)




                Name                               Link     Load   Length Selector   Space Scale
/tmp/xcXF944Rk.o
                init                                  E        E        4        4       0
                reset_vec                             0        0        4        0       0
                idloc                            200000   200000        8   200000       0
                config                           300000   300000        E   300000       0
dist/default/production/buzzer2.X.production.o
                intcode                               8        8        6        4       0
                temp                                 7F       7F        1        1       1
                mediumconst                        7A9A     7A9A      566     3D4D       0
                text26                             1D72     1D72      134        4       0
                text25                             23E4     23E4       4E        4       0
                text24                             11BA     11BA      420        4       0
                text23                              92A      92A      46E        4       0
                text22                             1AEA     1AEA      152        4       0
                text21                             17BA     17BA      1DC        4       0
                text20                             20AE     20AE       D6        4       0
                text19                             232E     232E       66        4       0
                text18                             24C8     24C8       24        4       0
                text17                             249E     249E       2A        4       0
                intcode_body                         12       12      4A8        4       0
                text15                             2472     2472       2C        4       0
                text14                             1EA6     1EA6      128        4       0
                text13                             1C3C     1C3C      136        4       0
                text12                             2394     2394       50        4       0
                text11                              D98      D98      422        4       0
                text10                              4BA      4BA      470        4       0
                text9                              1996     1996      154        4       0
                text8                              15DA     15DA      1E0        4       0
                text7                              1FCE     1FCE       E0        4       0
                text6                              22C4     22C4       6A        4       0
                text5                              251E     251E        6        4       0
                text4                              2512     2512        C        4       0
                text3                              2504     2504        E        4       0
                text2                              24EC     24EC       18        4       0
                text1                              2184     2184       A2        4       0
                text0                              2226     2226       9E        4       0
                cstackCOMRAM                          1        1       6C        1       1
                cstackBANK0                          80       80       67       80       1
                bssBANK0                             E9       E9        2       80       1
                dataCOMRAM                           79       79        4        1       1
                bssCOMRAM                            6D       6D        C        1       1
                cinit                              2432     2432       40        4       0
                nvBANK0                              E7       E7        2       80       1
                nvCOMRAM                             7D       7D        2        1       1
                idataCOMRAM                        2524     2524        4        4       0

TOTAL           Name                               Link     Load   Length     Space
        CLASS   STACK          

        CLASS   CODE           
                intcode                               8        8        6         0
                init                                  E        E        4         0
                reset_vec                             0        0        4         0
                text26                             1D72     1D72      134         0
                text25                             23E4     23E4       4E         0
                text24                             11BA     11BA      420         0
                text23                              92A      92A      46E         0
                text22                             1AEA     1AEA      152         0
                text21                             17BA     17BA      1DC         0
                text20                             20AE     20AE       D6         0
                text19                             232E     232E       66         0
                text18                             24C8     24C8       24         0
                text17                             249E     249E       2A         0
                intcode_body                         12       12      4A8         0
                text15                             2472     2472       2C         0
                text14                             1EA6     1EA6      128         0
                text13                             1C3C     1C3C      136         0
                text12                             2394     2394       50         0
                text11                              D98      D98      422         0
                text10                              4BA      4BA      470         0
                text9                              1996     1996      154         0
                text8                              15DA     15DA      1E0         0
                text7                              1FCE     1FCE       E0         0
                text6                              22C4     22C4       6A         0
                text5                              251E     251E        6         0
                text4                              2512     2512        C         0
                text3                              2504     2504        E         0
                text2                              24EC     24EC       18         0
                text1                              2184     2184       A2         0
                text0                              2226     2226       9E         0
                cinit                              2432     2432       40         0
                idataCOMRAM                        2524     2524        4         0

        CLASS   CONST          

        CLASS   SMALLCONST     

        CLASS   MEDIUMCONST    
                mediumconst                        7A9A     7A9A      566         0

        CLASS   COMRAM         
                temp                                 7F       7F        1         1
                cstackCOMRAM                          1        1       6C         1
                dataCOMRAM                           79       79        4         1
                bssCOMRAM                            6D       6D        C         1
                nvCOMRAM                             7D       7D        2         1

        CLASS   ABS1           

        CLASS   BIGRAM         

        CLASS   RAM            

        CLASS   BANK0          
                cstackBANK0                          80       80       67         1
                bssBANK0                             E9       E9        2         1
                nvBANK0                              E7       E7        2         1

        CLASS   BANK1          

        CLASS   BANK2          

        CLASS   BANK3          

        CLASS   BANK4          

        CLASS   BANK5          

        CLASS   SFR            

        CLASS   FARRAM         

        CLASS   CONFIG         
                config                           300000   300000        E         0

        CLASS   IDLOC          
                idloc                            200000   200000        8         0

        CLASS   EEDATA         



SEGMENTS        Name                           Load    Length   Top    Selector   Space  Class

                reset_vec                      000000  000004  000004         0       0  CODE    
                cstackCOMRAM                   000001  00007F  000080         1       1  COMRAM  
                intcode                        000008  002520  002528         4       0  CODE    
                cstackBANK0                    000080  00006B  0000EB        80       1  BANK0   
                mediumconst                    007A9A  000566  008000      3D4D       0  MEDIUMCO
                idloc                          200000  000008  200008    200000       0  IDLOC   
                config                         300000  00000E  30000E    300000       0  CONFIG  


UNUSED ADDRESS RANGES

        Name                Unused          Largest block    Delta
        BANK0            0000EB-0000FF               15
        BANK1            000100-0001FF              100
        BANK2            000200-0002FF              100
        BANK3            000300-0003FF              100
        BANK4            000400-0004FF              100
        BANK5            000500-0005FF              100
        BIGRAM           0000EB-0005FF              515
        CODE             000004-000007                4
                         002528-007A99             5572
        CONST            000004-000007                4
                         002528-007A99             5572
        EEDATA           F00000-F000FF              100
        MEDIUMCONST      002528-007A99             5572
        RAM              0000EB-0005FF              100
        SFR              000F80-000FFF               80
        SMALLCONST       002528-007A99              100
        STACK            0000EB-0005FF              515

                                  Symbol Table

?_PWM_Max_Duty               cstackBANK0  00008E
?___aldiv                    cstackBANK0  000080
?___fldiv                    cstackBANK0  0000A0
?___flmul                    cstackBANK0  0000B9
?___fltol                    cstackBANK0  0000D2
?___wmul                     cstackBANK0  000080
?___xxtofl                   cstackBANK0  000092
?i2_PWM_Max_Duty             cstackCOMRAM 00000F
?i2___aldiv                  cstackCOMRAM 000001
?i2___fldiv                  cstackCOMRAM 000021
?i2___flmul                  cstackCOMRAM 00003A
?i2___fltol                  cstackCOMRAM 000053
?i2___wmul                   cstackCOMRAM 000001
?i2___xxtofl                 cstackCOMRAM 000013
CalcSpeed@beat               cstackBANK0  000086
CalcSpeed@pos                cstackBANK0  000088
CalcSpeed@tmp                cstackBANK0  00008A
HI_ISR@beat                  cstackCOMRAM 000069
HI_ISR@beat_538              cstackCOMRAM 00006B
PWM_Duty@duty                cstackBANK0  0000DC
PWM_Init@desired_frequency   cstackBANK0  00008E
_CCP1M2                      (abs)        007DEA
_CCP1M3                      (abs)        007DEB
_CCP1X                       (abs)        007DED
_CCP1Y                       (abs)        007DEC
_CCP2CON                     (abs)        000FBA
_CCPR1L                      (abs)        000FBE
_CCPR2                       (abs)        000FBB
_CalcSpeed                   text14       001EA6
_HI_ISR                      intcode      000008
_INTCONbits                  (abs)        000FF2
_LATC                        (abs)        000F8B
_MELODY_LENGTH               nvBANK0      0000E7
_MELODY_LENGTH2              nvCOMRAM     00007D
_MELODY_PTR                  bssCOMRAM    000073
_MELODY_PTR2                 bssCOMRAM    000071
_OSCCONbits                  (abs)        000FD3
_PIR2bits                    (abs)        000FA1
_PORTDbits                   (abs)        000F83
_PR2                         (abs)        000FCB
_PWM_Duty                    text7        001FCE
_PWM_Init                    text6        0022C4
_PWM_Max_Duty                text12       002394
_PWM_Mode_On                 text5        00251E
_PWM_Start                   text4        002512
_RCONbits                    (abs)        000FD0
_Setup                       text1        002184
_SetupClock                  text3        002504
_SetupTimer                  text2        0024EC
_T0CON                       (abs)        000FD5
_T2CKPS0                     (abs)        007E50
_T2CKPS1                     (abs)        007E51
_T3CON                       (abs)        000FB1
_T3CONbits                   (abs)        000FB1
_TMR0                        (abs)        000FD6
_TMR2ON                      (abs)        007E52
_TMR3                        (abs)        000FB2
_TRISCbits                   (abs)        000F94
_TRISDbits                   (abs)        000F95
__CFG_BOREN$SBORDIS          (abs)        000000
__CFG_BORV$3                 (abs)        000000
__CFG_CCP2MX$PORTC           (abs)        000000
__CFG_CP0$OFF                (abs)        000000
__CFG_CP1$OFF                (abs)        000000
__CFG_CP2$OFF                (abs)        000000
__CFG_CP3$OFF                (abs)        000000
__CFG_CPB$OFF                (abs)        000000
__CFG_CPD$OFF                (abs)        000000
__CFG_EBTR0$OFF              (abs)        000000
__CFG_EBTR1$OFF              (abs)        000000
__CFG_EBTR2$OFF              (abs)        000000
__CFG_EBTR3$OFF              (abs)        000000
__CFG_EBTRB$OFF              (abs)        000000
__CFG_FCMEN$OFF              (abs)        000000
__CFG_IESO$ON                (abs)        000000
__CFG_LPT1OSC$OFF            (abs)        000000
__CFG_LVP$OFF                (abs)        000000
__CFG_MCLRE$ON               (abs)        000000
__CFG_OSC$INTIO67            (abs)        000000
__CFG_PBADEN$ON              (abs)        000000
__CFG_PWRT$OFF               (abs)        000000
__CFG_STVREN$ON              (abs)        000000
__CFG_WDT$OFF                (abs)        000000
__CFG_WDTPS$1                (abs)        000000
__CFG_WRT0$OFF               (abs)        000000
__CFG_WRT1$OFF               (abs)        000000
__CFG_WRT2$OFF               (abs)        000000
__CFG_WRT3$OFF               (abs)        000000
__CFG_WRTB$OFF               (abs)        000000
__CFG_WRTC$OFF               (abs)        000000
__CFG_WRTD$OFF               (abs)        000000
__CFG_XINST$OFF              (abs)        000000
__HRAM                       (abs)        000000
__Habs1                      abs1         000000
__Hbank0                     bank0        000000
__Hbank1                     bank1        000000
__Hbank2                     bank2        000000
__Hbank3                     bank3        000000
__Hbank4                     bank4        000000
__Hbank5                     bank5        000000
__Hbigbss                    bigbss       000000
__Hbigdata                   bigdata      000000
__Hbigram                    bigram       000000
__Hbss                       bss          000000
__HbssBANK0                  bssBANK0     000000
__HbssCOMRAM                 bssCOMRAM    000000
__Hcinit                     cinit        000000
__Hclrtext                   clrtext      000000
__Hcomram                    comram       000000
__Hconfig                    config       30000E
__Hconst                     const        000000
__HcstackBANK0               cstackBANK0  000000
__HcstackCOMRAM              cstackCOMRAM 000000
__Hdata                      data         000000
__HdataCOMRAM                dataCOMRAM   000000
__Heeprom_data               eeprom_data  000000
__Hfarbss                    farbss       000000
__Hfardata                   fardata      000000
__Hibigdata                  ibigdata     000000
__Hidata                     idata        000000
__HidataCOMRAM               idataCOMRAM  000000
__Hidloc                     idloc        200008
__Hifardata                  ifardata     000000
__Hinit                      init         000012
__Hintcode                   intcode      00000E
__Hintcode_body              intcode_body 000000
__Hintcodelo                 intcodelo    00000E
__Hintentry                  intentry     000000
__Hintret                    intret       000000
__Hintsave_regs              intsave_regs 000000
__Hirdata                    irdata       000000
__Hmediumconst               mediumconst  008000
__HnvBANK0                   nvBANK0      000000
__HnvCOMRAM                  nvCOMRAM     000000
__HnvFARRAM                  nvFARRAM     000000
__Hnvbit                     nvbit        000000
__Hnvrram                    nvrram       000000
__Hparam                     rparam       000000
__Hpowerup                   powerup      00000E
__Hram                       ram          000000
__Hramtop                    ramtop       000600
__Hrbit                      rbit         000000
__Hrbss                      rbss         000000
__Hrdata                     rdata        000000
__Hreset_vec                 reset_vec    000004
__Hrparam                    rparam       000000
__Hsfr                       sfr          000000
__Hsmallconst                smallconst   000000
__Hspace_0                   (abs)        30000E
__Hspace_1                   (abs)        0000EB
__Hspace_2                   (abs)        000000
__Hstack                     stack        000000
__Hstruct                    struct       000000
__Htemp                      temp         000080
__Htext                      text         000000
__Htext0                     text0        000000
__Htext1                     text1        000000
__Htext10                    text10       000000
__Htext11                    text11       000000
__Htext12                    text12       000000
__Htext13                    text13       000000
__Htext14                    text14       000000
__Htext15                    text15       000000
__Htext17                    text17       000000
__Htext18                    text18       000000
__Htext19                    text19       000000
__Htext2                     text2        000000
__Htext20                    text20       000000
__Htext21                    text21       000000
__Htext22                    text22       000000
__Htext23                    text23       000000
__Htext24                    text24       000000
__Htext25                    text25       000000
__Htext26                    text26       000000
__Htext3                     text3        000000
__Htext4                     text4        000000
__Htext5                     text5        000000
__Htext6                     text6        000000
__Htext7                     text7        000000
__Htext8                     text8        000000
__Htext9                     text9        000000
__LRAM                       (abs)        000001
__Labs1                      abs1         000000
__Lbank0                     bank0        000000
__Lbank1                     bank1        000000
__Lbank2                     bank2        000000
__Lbank3                     bank3        000000
__Lbank4                     bank4        000000
__Lbank5                     bank5        000000
__Lbigbss                    bigbss       000000
__Lbigdata                   bigdata      000000
__Lbigram                    bigram       000000
__Lbss                       bss          000000
__LbssBANK0                  bssBANK0     000000
__LbssCOMRAM                 bssCOMRAM    000000
__Lcinit                     cinit        000000
__Lclrtext                   clrtext      000000
__Lcomram                    comram       000000
__Lconfig                    config       300000
__Lconst                     const        000000
__LcstackBANK0               cstackBANK0  000000
__LcstackCOMRAM              cstackCOMRAM 000000
__Ldata                      data         000000
__LdataCOMRAM                dataCOMRAM   000000
__Leeprom_data               eeprom_data  000000
__Lfarbss                    farbss       000000
__Lfardata                   fardata      000000
__Libigdata                  ibigdata     000000
__Lidata                     idata        000000
__LidataCOMRAM               idataCOMRAM  000000
__Lidloc                     idloc        200000
__Lifardata                  ifardata     000000
__Linit                      init         00000E
__Lintcode                   intcode      000008
__Lintcode_body              intcode_body 000000
__Lintcodelo                 intcodelo    00000E
__Lintentry                  intentry     000000
__Lintret                    intret       000000
__Lintsave_regs              intsave_regs 000000
__Lirdata                    irdata       000000
__Lmediumconst               mediumconst  007A9A
__LnvBANK0                   nvBANK0      000000
__LnvCOMRAM                  nvCOMRAM     000000
__LnvFARRAM                  nvFARRAM     000000
__Lnvbit                     nvbit        000000
__Lnvrram                    nvrram       000000
__Lparam                     rparam       000000
__Lpowerup                   powerup      00000E
__Lram                       ram          000000
__Lramtop                    ramtop       000600
__Lrbit                      rbit         000000
__Lrbss                      rbss         000000
__Lrdata                     rdata        000000
__Lreset_vec                 reset_vec    000000
__Lrparam                    rparam       000000
__Lsfr                       sfr          000000
__Lsmallconst                smallconst   000000
__Lspace_0                   (abs)        000000
__Lspace_1                   (abs)        000000
__Lspace_2                   (abs)        000000
__Lstack                     stack        000000
__Lstruct                    struct       000000
__Ltemp                      temp         00007F
__Ltext                      text         000000
__Ltext0                     text0        000000
__Ltext1                     text1        000000
__Ltext10                    text10       000000
__Ltext11                    text11       000000
__Ltext12                    text12       000000
__Ltext13                    text13       000000
__Ltext14                    text14       000000
__Ltext15                    text15       000000
__Ltext17                    text17       000000
__Ltext18                    text18       000000
__Ltext19                    text19       000000
__Ltext2                     text2        000000
__Ltext20                    text20       000000
__Ltext21                    text21       000000
__Ltext22                    text22       000000
__Ltext23                    text23       000000
__Ltext24                    text24       000000
__Ltext25                    text25       000000
__Ltext26                    text26       000000
__Ltext3                     text3        000000
__Ltext4                     text4        000000
__Ltext5                     text5        000000
__Ltext6                     text6        000000
__Ltext7                     text7        000000
__Ltext8                     text8        000000
__Ltext9                     text9        000000
__S0                         (abs)        30000E
__S1                         (abs)        0000EB
__S2                         (abs)        000000
___aldiv                     text13       001C3C
___aldiv@counter             cstackBANK0  000088
___aldiv@dividend            cstackBANK0  000080
___aldiv@divisor             cstackBANK0  000084
___aldiv@quotient            cstackBANK0  00008A
___aldiv@sign                cstackBANK0  000089
___fldiv                     text11       000D98
___fldiv@a                   cstackBANK0  0000A4
___fldiv@aexp                cstackBANK0  0000B8
___fldiv@b                   cstackBANK0  0000A0
___fldiv@bexp                cstackBANK0  0000B7
___fldiv@grs                 cstackBANK0  0000B3
___fldiv@new_exp             cstackBANK0  0000B1
___fldiv@rem                 cstackBANK0  0000AC
___fldiv@sign                cstackBANK0  0000B0
___flmul                     text10       0004BA
___flmul@a                   cstackBANK0  0000BD
___flmul@aexp                cstackBANK0  0000CA
___flmul@b                   cstackBANK0  0000B9
___flmul@bexp                cstackBANK0  0000CB
___flmul@grs                 cstackBANK0  0000C6
___flmul@prod                cstackBANK0  0000CC
___flmul@sign                cstackBANK0  0000C5
___flmul@temp                cstackBANK0  0000D0
___fltol                     text9        001996
___fltol@exp1                cstackBANK0  0000DB
___fltol@f1                  cstackBANK0  0000D2
___fltol@sign1               cstackBANK0  0000DA
___inthi_sp                  stack        000000
___intlo_sp                  stack        000000
___param_bank                (abs)        000000
___rparam_used               (abs)        000001
___sp                        stack        000000
___wmul                      text15       002472
___wmul@multiplicand         cstackBANK0  000082
___wmul@multiplier           cstackBANK0  000080
___wmul@product              cstackBANK0  000084
___xxtofl                    text8        0015DA
___xxtofl@arg                cstackBANK0  00009C
___xxtofl@exp                cstackBANK0  00009B
___xxtofl@sign               cstackBANK0  00009A
___xxtofl@val                cstackBANK0  000092
__accesstop                  (abs)        000080
__activetblptr               (abs)        000002
__end_of_CalcSpeed           text14       001FCE
__end_of_HI_ISR              intcode_body 0004BA
__end_of_PWM_Duty            text7        0020AE
__end_of_PWM_Init            text6        00232E
__end_of_PWM_Max_Duty        text12       0023E4
__end_of_PWM_Mode_On         text5        002524
__end_of_PWM_Start           text4        00251E
__end_of_Setup               text1        002226
__end_of_SetupClock          text3        002512
__end_of_SetupTimer          text2        002504
__end_of___aldiv             text13       001D72
__end_of___fldiv             text11       0011BA
__end_of___flmul             text10       00092A
__end_of___fltol             text9        001AEA
__end_of___wmul              text15       00249E
__end_of___xxtofl            text8        0017BA
__end_of__initialization     cinit        002464
__end_of_beats               mediumconst  007E0D
__end_of_beats2              mediumconst  007D38
__end_of_main                text0        0022C4
__end_of_melody              mediumconst  007C3F
__end_of_melody2             mediumconst  007FFF
__end_of_playTone            text18       0024EC
__end_ofi2_PWM_Duty          text20       002184
__end_ofi2_PWM_Init          text19       002394
__end_ofi2_PWM_Max_Duty      text25       002432
__end_ofi2___aldiv           text26       001EA6
__end_ofi2___fldiv           text24       0015DA
__end_ofi2___flmul           text23       000D98
__end_ofi2___fltol           text22       001C3C
__end_ofi2___wmul            text17       0024C8
__end_ofi2___xxtofl          text21       001996
__initialization             cinit        002432
__mediumconst                mediumconst  007A9A
__pbssBANK0                  bssBANK0     0000E9
__pbssCOMRAM                 bssCOMRAM    00006D
__pcinit                     cinit        002432
__pcstackBANK0               cstackBANK0  000080
__pcstackCOMRAM              cstackCOMRAM 000001
__pdataCOMRAM                dataCOMRAM   000079
__pidataCOMRAM               idataCOMRAM  002524
__pintcode                   intcode      000008
__pintcode_body              intcode_body 000012
__pmediumconst               mediumconst  007A9A
__pnvBANK0                   nvBANK0      0000E7
__pnvCOMRAM                  nvCOMRAM     00007D
__ptext0                     text0        002226
__ptext1                     text1        002184
__ptext10                    text10       0004BA
__ptext11                    text11       000D98
__ptext12                    text12       002394
__ptext13                    text13       001C3C
__ptext14                    text14       001EA6
__ptext15                    text15       002472
__ptext17                    text17       00249E
__ptext18                    text18       0024C8
__ptext19                    text19       00232E
__ptext2                     text2        0024EC
__ptext20                    text20       0020AE
__ptext21                    text21       0017BA
__ptext22                    text22       001AEA
__ptext23                    text23       00092A
__ptext24                    text24       0011BA
__ptext25                    text25       0023E4
__ptext26                    text26       001D72
__ptext3                     text3        002504
__ptext4                     text4        002512
__ptext5                     text5        00251E
__ptext6                     text6        0022C4
__ptext7                     text7        001FCE
__ptext8                     text8        0015DA
__ptext9                     text9        001996
__ramtop                     ramtop       000600
__size_of_CalcSpeed          (abs)        000000
__size_of_HI_ISR             (abs)        000000
__size_of_PWM_Duty           (abs)        000000
__size_of_PWM_Init           (abs)        000000
__size_of_PWM_Max_Duty       (abs)        000000
__size_of_PWM_Mode_On        (abs)        000000
__size_of_PWM_Start          (abs)        000000
__size_of_Setup              (abs)        000000
__size_of_SetupClock         (abs)        000000
__size_of_SetupTimer         (abs)        000000
__size_of___aldiv            (abs)        000000
__size_of___fldiv            (abs)        000000
__size_of___flmul            (abs)        000000
__size_of___fltol            (abs)        000000
__size_of___wmul             (abs)        000000
__size_of___xxtofl           (abs)        000000
__size_of_main               (abs)        000000
__size_of_playTone           (abs)        000000
__size_ofi2_PWM_Duty         (abs)        000000
__size_ofi2_PWM_Init         (abs)        000000
__size_ofi2_PWM_Max_Duty     (abs)        000000
__size_ofi2___aldiv          (abs)        000000
__size_ofi2___fldiv          (abs)        000000
__size_ofi2___flmul          (abs)        000000
__size_ofi2___fltol          (abs)        000000
__size_ofi2___wmul           (abs)        000000
__size_ofi2___xxtofl         (abs)        000000
__smallconst                 smallconst   000000
_beats                       mediumconst  007D38
_beats2                      mediumconst  007C3F
_current_tone                bssBANK0     0000E9
_current_tone_duration       bssCOMRAM    00006F
_led2_cycle                  bssCOMRAM    000075
_led_cycle                   bssCOMRAM    000077
_main                        text0        002226
_melody                      mediumconst  007A9B
_melody2                     mediumconst  007E0D
_note_change                 bssCOMRAM    00006D
_playTone                    text18       0024C8
_tmr1_cycle                  dataCOMRAM   000079
_tmr3_cycle                  dataCOMRAM   00007B
btemp                        temp         00007F
end_of_initialization        cinit        002464
i2PWM_Duty@duty              cstackCOMRAM 00005D
i2PWM_Init@desired_frequency cstackCOMRAM 00000F
i2_PWM_Duty                  text20       0020AE
i2_PWM_Init                  text19       00232E
i2_PWM_Max_Duty              text25       0023E4
i2___aldiv                   text26       001D72
i2___aldiv@counter           cstackCOMRAM 000009
i2___aldiv@dividend          cstackCOMRAM 000001
i2___aldiv@divisor           cstackCOMRAM 000005
i2___aldiv@quotient          cstackCOMRAM 00000B
i2___aldiv@sign              cstackCOMRAM 00000A
i2___fldiv                   text24       0011BA
i2___fldiv@a                 cstackCOMRAM 000025
i2___fldiv@aexp              cstackCOMRAM 000039
i2___fldiv@b                 cstackCOMRAM 000021
i2___fldiv@bexp              cstackCOMRAM 000038
i2___fldiv@grs               cstackCOMRAM 000034
i2___fldiv@new_exp           cstackCOMRAM 000032
i2___fldiv@rem               cstackCOMRAM 00002D
i2___fldiv@sign              cstackCOMRAM 000031
i2___flmul                   text23       00092A
i2___flmul@a                 cstackCOMRAM 00003E
i2___flmul@aexp              cstackCOMRAM 00004B
i2___flmul@b                 cstackCOMRAM 00003A
i2___flmul@bexp              cstackCOMRAM 00004C
i2___flmul@grs               cstackCOMRAM 000047
i2___flmul@prod              cstackCOMRAM 00004D
i2___flmul@sign              cstackCOMRAM 000046
i2___flmul@temp              cstackCOMRAM 000051
i2___fltol                   text22       001AEA
i2___fltol@exp1              cstackCOMRAM 00005C
i2___fltol@f1                cstackCOMRAM 000053
i2___fltol@sign1             cstackCOMRAM 00005B
i2___wmul                    text17       00249E
i2___wmul@multiplicand       cstackCOMRAM 000003
i2___wmul@multiplier         cstackCOMRAM 000001
i2___wmul@product            cstackCOMRAM 000005
i2___xxtofl                  text21       0017BA
i2___xxtofl@arg              cstackCOMRAM 00001D
i2___xxtofl@exp              cstackCOMRAM 00001C
i2___xxtofl@sign             cstackCOMRAM 00001B
i2___xxtofl@val              cstackCOMRAM 000013
int$flags                    temp         00007F
int_func                     intcode_body 000012
intlevel0                    text         000000
intlevel1                    text         000000
intlevel2                    text         000000
intlevel3                    text         000000
main@isRunning               cstackBANK0  0000E5
stackhi                      (abs)        0005FF
stacklo                      (abs)        0000EB
start                        init         00000E
start_initialization         cinit        002432
ttemp5                       temp         000080
ttemp6                       temp         000083
ttemp7                       temp         000087
wtemp8                       temp         000080


FUNCTION INFORMATION:

 *************** function _main *****************
 Defined at:
		line 272 in file "newmain.c"
 Parameters:    Size  Location     Type
  argc            2   96[BANK0 ] int 
  argv            3   98[BANK0 ] PTR PTR unsigned char 
 Auto vars:     Size  Location     Type
  isRunning       2  101[BANK0 ] int 
 Return value:  Size  Location     Type
                  2   96[BANK0 ] int 
 Registers used:
		wreg, status,2, status,0, prodl, prodh, cstack
 Tracked objects:
		On entry : 
		On exit  : 
		Unchanged: 
 Data sizes:     COMRAM   BANK0   BANK1   BANK2   BANK3   BANK4   BANK5
      Params:         0       5       0       0       0       0       0
      Locals:         0       2       0       0       0       0       0
      Temps:          0       0       0       0       0       0       0
      Totals:         0       7       0       0       0       0       0
Total ram usage:        7 bytes
 Hardware stack levels required when called:    9
 This function calls:
		_PWM_Duty
		_Setup
 This function is called by:
		Startup code after reset
 This function uses a non-reentrant model


 *************** function _Setup *****************
 Defined at:
		line 243 in file "newmain.c"
 Parameters:    Size  Location     Type
		None
 Auto vars:     Size  Location     Type
		None
 Return value:  Size  Location     Type
                  1    wreg      void 
 Registers used:
		wreg, status,2, status,0, prodl, prodh, cstack
 Tracked objects:
		On entry : 
		On exit  : 
		Unchanged: 
 Data sizes:     COMRAM   BANK0   BANK1   BANK2   BANK3   BANK4   BANK5
      Params:         0       0       0       0       0       0       0
      Locals:         0       0       0       0       0       0       0
      Temps:          0       0       0       0       0       0       0
      Totals:         0       0       0       0       0       0       0
Total ram usage:        0 bytes
 Hardware stack levels used:    1
 Hardware stack levels required when called:    8
 This function calls:
		_CalcSpeed
		_PWM_Duty
		_PWM_Init
		_PWM_Start
		_SetupClock
		_SetupTimer
 This function is called by:
		_main
 This function uses a non-reentrant model


 *************** function _SetupTimer *****************
 Defined at:
		line 181 in file "newmain.c"
 Parameters:    Size  Location     Type
		None
 Auto vars:     Size  Location     Type
		None
 Return value:  Size  Location     Type
                  1    wreg      void 
 Registers used:
		wreg, status,2
 Tracked objects:
		On entry : 
		On exit  : 
		Unchanged: 
 Data sizes:     COMRAM   BANK0   BANK1   BANK2   BANK3   BANK4   BANK5
      Params:         0       0       0       0       0       0       0
      Locals:         0       0       0       0       0       0       0
      Temps:          0       0       0       0       0       0       0
      Totals:         0       0       0       0       0       0       0
Total ram usage:        0 bytes
 Hardware stack levels used:    1
 Hardware stack levels required when called:    5
 This function calls:
		Nothing
 This function is called by:
		_Setup
 This function uses a non-reentrant model


 *************** function _SetupClock *****************
 Defined at:
		line 157 in file "newmain.c"
 Parameters:    Size  Location     Type
		None
 Auto vars:     Size  Location     Type
		None
 Return value:  Size  Location     Type
                  1    wreg      void 
 Registers used:
		wreg, status,2
 Tracked objects:
		On entry : 
		On exit  : 
		Unchanged: 
 Data sizes:     COMRAM   BANK0   BANK1   BANK2   BANK3   BANK4   BANK5
      Params:         0       0       0       0       0       0       0
      Locals:         0       0       0       0       0       0       0
      Temps:          0       0       0       0       0       0       0
      Totals:         0       0       0       0       0       0       0
Total ram usage:        0 bytes
 Hardware stack levels used:    1
 Hardware stack levels required when called:    5
 This function calls:
		Nothing
 This function is called by:
		_Setup
 This function uses a non-reentrant model


 *************** function _PWM_Start *****************
 Defined at:
		line 224 in file "newmain.c"
 Parameters:    Size  Location     Type
		None
 Auto vars:     Size  Location     Type
		None
 Return value:  Size  Location     Type
                  1    wreg      void 
 Registers used:
		cstack
 Tracked objects:
		On entry : 
		On exit  : 
		Unchanged: 
 Data sizes:     COMRAM   BANK0   BANK1   BANK2   BANK3   BANK4   BANK5
      Params:         0       0       0       0       0       0       0
      Locals:         0       0       0       0       0       0       0
      Temps:          0       0       0       0       0       0       0
      Totals:         0       0       0       0       0       0       0
Total ram usage:        0 bytes
 Hardware stack levels used:    1
 Hardware stack levels required when called:    6
 This function calls:
		_PWM_Mode_On
 This function is called by:
		_Setup
 This function uses a non-reentrant model


 *************** function _PWM_Mode_On *****************
 Defined at:
		line 219 in file "newmain.c"
 Parameters:    Size  Location     Type
		None
 Auto vars:     Size  Location     Type
		None
 Return value:  Size  Location     Type
                  1    wreg      void 
 Registers used:
		None
 Tracked objects:
		On entry : 
		On exit  : 
		Unchanged: 
 Data sizes:     COMRAM   BANK0   BANK1   BANK2   BANK3   BANK4   BANK5
      Params:         0       0       0       0       0       0       0
      Locals:         0       0       0       0       0       0       0
      Temps:          0       0       0       0       0       0       0
      Totals:         0       0       0       0       0       0       0
Total ram usage:        0 bytes
 Hardware stack levels used:    1
 Hardware stack levels required when called:    5
 This function calls:
		Nothing
 This function is called by:
		_PWM_Start
 This function uses a non-reentrant model


 *************** function _PWM_Init *****************
 Defined at:
		line 201 in file "newmain.c"
 Parameters:    Size  Location     Type
  desired_freq    4   14[BANK0 ] long 
 Auto vars:     Size  Location     Type
		None
 Return value:  Size  Location     Type
                  1    wreg      void 
 Registers used:
		wreg, status,2, status,0, cstack
 Tracked objects:
		On entry : 
		On exit  : 
		Unchanged: 
 Data sizes:     COMRAM   BANK0   BANK1   BANK2   BANK3   BANK4   BANK5
      Params:         0       4       0       0       0       0       0
      Locals:         0       0       0       0       0       0       0
      Temps:          0       4       0       0       0       0       0
      Totals:         0       8       0       0       0       0       0
Total ram usage:        8 bytes
 Hardware stack levels used:    1
 Hardware stack levels required when called:    6
 This function calls:
		___aldiv
 This function is called by:
		_Setup
 This function uses a non-reentrant model


 *************** function _PWM_Duty *****************
 Defined at:
		line 210 in file "newmain.c"
 Parameters:    Size  Location     Type
  duty            2   92[BANK0 ] unsigned int 
 Auto vars:     Size  Location     Type
		None
 Return value:  Size  Location     Type
                  1    wreg      void 
 Registers used:
		wreg, status,2, status,0, prodl, prodh, cstack
 Tracked objects:
		On entry : 
		On exit  : 
		Unchanged: 
 Data sizes:     COMRAM   BANK0   BANK1   BANK2   BANK3   BANK4   BANK5
      Params:         0       2       0       0       0       0       0
      Locals:         0       0       0       0       0       0       0
      Temps:          0       2       0       0       0       0       0
      Totals:         0       4       0       0       0       0       0
Total ram usage:        4 bytes
 Hardware stack levels used:    1
 Hardware stack levels required when called:    7
 This function calls:
		_PWM_Max_Duty
		___fldiv
		___flmul
		___fltol
		___xxtofl
 This function is called by:
		_Setup
		_main
 This function uses a non-reentrant model


 *************** function ___xxtofl *****************
 Defined at:
		line 10 in file "/opt/microchip/xc8/v2.00/pic/sources/c99/common/xxtofl.c"
 Parameters:    Size  Location     Type
  sign            1    wreg     unsigned char 
  val             4   18[BANK0 ] long 
 Auto vars:     Size  Location     Type
  sign            1   26[BANK0 ] unsigned char 
  arg             4   28[BANK0 ] unsigned long 
  exp             1   27[BANK0 ] unsigned char 
 Return value:  Size  Location     Type
                  4   18[BANK0 ] unsigned char 
 Registers used:
		wreg, status,2, status,0
 Tracked objects:
		On entry : 
		On exit  : 
		Unchanged: 
 Data sizes:     COMRAM   BANK0   BANK1   BANK2   BANK3   BANK4   BANK5
      Params:         0       4       0       0       0       0       0
      Locals:         0       6       0       0       0       0       0
      Temps:          0       4       0       0       0       0       0
      Totals:         0      14       0       0       0       0       0
Total ram usage:       14 bytes
 Hardware stack levels used:    1
 Hardware stack levels required when called:    5
 This function calls:
		Nothing
 This function is called by:
		_PWM_Duty
 This function uses a non-reentrant model


 *************** function ___fltol *****************
 Defined at:
		line 43 in file "/opt/microchip/xc8/v2.00/pic/sources/c99/common/fltol.c"
 Parameters:    Size  Location     Type
  f1              4   82[BANK0 ] unsigned char 
 Auto vars:     Size  Location     Type
  exp1            1   91[BANK0 ] unsigned char 
  sign1           1   90[BANK0 ] unsigned char 
 Return value:  Size  Location     Type
                  4   82[BANK0 ] long 
 Registers used:
		wreg, status,2, status,0
 Tracked objects:
		On entry : 
		On exit  : 
		Unchanged: 
 Data sizes:     COMRAM   BANK0   BANK1   BANK2   BANK3   BANK4   BANK5
      Params:         0       4       0       0       0       0       0
      Locals:         0       2       0       0       0       0       0
      Temps:          0       4       0       0       0       0       0
      Totals:         0      10       0       0       0       0       0
Total ram usage:       10 bytes
 Hardware stack levels used:    1
 Hardware stack levels required when called:    5
 This function calls:
		Nothing
 This function is called by:
		_PWM_Duty
 This function uses a non-reentrant model


 *************** function ___flmul *****************
 Defined at:
		line 8 in file "/opt/microchip/xc8/v2.00/pic/sources/c99/common/sprcmul.c"
 Parameters:    Size  Location     Type
  b               4   57[BANK0 ] long 
  a               4   61[BANK0 ] long 
 Auto vars:     Size  Location     Type
  prod            4   76[BANK0 ] struct .
  grs             4   70[BANK0 ] unsigned long 
  temp            2   80[BANK0 ] struct .
  bexp            1   75[BANK0 ] unsigned char 
  aexp            1   74[BANK0 ] unsigned char 
  sign            1   69[BANK0 ] unsigned char 
 Return value:  Size  Location     Type
                  4   57[BANK0 ] unsigned char 
 Registers used:
		wreg, status,2, status,0, prodl, prodh
 Tracked objects:
		On entry : 
		On exit  : 
		Unchanged: 
 Data sizes:     COMRAM   BANK0   BANK1   BANK2   BANK3   BANK4   BANK5
      Params:         0       8       0       0       0       0       0
      Locals:         0      13       0       0       0       0       0
      Temps:          0       4       0       0       0       0       0
      Totals:         0      25       0       0       0       0       0
Total ram usage:       25 bytes
 Hardware stack levels used:    1
 Hardware stack levels required when called:    5
 This function calls:
		Nothing
 This function is called by:
		_PWM_Duty
 This function uses a non-reentrant model


 *************** function ___fldiv *****************
 Defined at:
		line 11 in file "/opt/microchip/xc8/v2.00/pic/sources/c99/common/sprcdiv.c"
 Parameters:    Size  Location     Type
  b               4   32[BANK0 ] unsigned char 
  a               4   36[BANK0 ] unsigned char 
 Auto vars:     Size  Location     Type
  grs             4   51[BANK0 ] unsigned long 
  rem             4   44[BANK0 ] unsigned long 
  new_exp         2   49[BANK0 ] short 
  aexp            1   56[BANK0 ] unsigned char 
  bexp            1   55[BANK0 ] unsigned char 
  sign            1   48[BANK0 ] unsigned char 
 Return value:  Size  Location     Type
                  4   32[BANK0 ] unsigned char 
 Registers used:
		wreg, status,2, status,0
 Tracked objects:
		On entry : 
		On exit  : 
		Unchanged: 
 Data sizes:     COMRAM   BANK0   BANK1   BANK2   BANK3   BANK4   BANK5
      Params:         0       8       0       0       0       0       0
      Locals:         0      13       0       0       0       0       0
      Temps:          0       4       0       0       0       0       0
      Totals:         0      25       0       0       0       0       0
Total ram usage:       25 bytes
 Hardware stack levels used:    1
 Hardware stack levels required when called:    5
 This function calls:
		Nothing
 This function is called by:
		_PWM_Duty
 This function uses a non-reentrant model


 *************** function _PWM_Max_Duty *****************
 Defined at:
		line 206 in file "newmain.c"
 Parameters:    Size  Location     Type
		None
 Auto vars:     Size  Location     Type
		None
 Return value:  Size  Location     Type
                  2   14[BANK0 ] int 
 Registers used:
		wreg, status,2, status,0, cstack
 Tracked objects:
		On entry : 
		On exit  : 
		Unchanged: 
 Data sizes:     COMRAM   BANK0   BANK1   BANK2   BANK3   BANK4   BANK5
      Params:         0       2       0       0       0       0       0
      Locals:         0       0       0       0       0       0       0
      Temps:          0       2       0       0       0       0       0
      Totals:         0       4       0       0       0       0       0
Total ram usage:        4 bytes
 Hardware stack levels used:    1
 Hardware stack levels required when called:    6
 This function calls:
		___aldiv
 This function is called by:
		_PWM_Duty
 This function uses a non-reentrant model


 *************** function ___aldiv *****************
 Defined at:
		line 7 in file "/opt/microchip/xc8/v2.00/pic/sources/c99/common/aldiv.c"
 Parameters:    Size  Location     Type
  dividend        4    0[BANK0 ] long 
  divisor         4    4[BANK0 ] long 
 Auto vars:     Size  Location     Type
  quotient        4   10[BANK0 ] long 
  sign            1    9[BANK0 ] unsigned char 
  counter         1    8[BANK0 ] unsigned char 
 Return value:  Size  Location     Type
                  4    0[BANK0 ] long 
 Registers used:
		wreg, status,2, status,0
 Tracked objects:
		On entry : 
		On exit  : 
		Unchanged: 
 Data sizes:     COMRAM   BANK0   BANK1   BANK2   BANK3   BANK4   BANK5
      Params:         0       8       0       0       0       0       0
      Locals:         0       6       0       0       0       0       0
      Temps:          0       0       0       0       0       0       0
      Totals:         0      14       0       0       0       0       0
Total ram usage:       14 bytes
 Hardware stack levels used:    1
 Hardware stack levels required when called:    5
 This function calls:
		Nothing
 This function is called by:
		_PWM_Init
		_PWM_Max_Duty
 This function uses a non-reentrant model


 *************** function _CalcSpeed *****************
 Defined at:
		line 162 in file "newmain.c"
 Parameters:    Size  Location     Type
  beat            2    6[BANK0 ] int 
  pos             2    8[BANK0 ] int 
 Auto vars:     Size  Location     Type
  tmp             2   10[BANK0 ] int 
 Return value:  Size  Location     Type
                  2    6[BANK0 ] int 
 Registers used:
		wreg, status,2, status,0, prodl, prodh, cstack
 Tracked objects:
		On entry : 
		On exit  : 
		Unchanged: 
 Data sizes:     COMRAM   BANK0   BANK1   BANK2   BANK3   BANK4   BANK5
      Params:         0       4       0       0       0       0       0
      Locals:         0       2       0       0       0       0       0
      Temps:          0       0       0       0       0       0       0
      Totals:         0       6       0       0       0       0       0
Total ram usage:        6 bytes
 Hardware stack levels used:    1
 Hardware stack levels required when called:    6
 This function calls:
		___wmul
 This function is called by:
		_Setup
 This function uses a non-reentrant model


 *************** function ___wmul *****************
 Defined at:
		line 15 in file "/opt/microchip/xc8/v2.00/pic/sources/c99/common/Umul16.c"
 Parameters:    Size  Location     Type
  multiplier      2    0[BANK0 ] unsigned int 
  multiplicand    2    2[BANK0 ] unsigned int 
 Auto vars:     Size  Location     Type
  product         2    4[BANK0 ] unsigned int 
 Return value:  Size  Location     Type
                  2    0[BANK0 ] unsigned int 
 Registers used:
		wreg, status,2, status,0, prodl, prodh
 Tracked objects:
		On entry : 
		On exit  : 
		Unchanged: 
 Data sizes:     COMRAM   BANK0   BANK1   BANK2   BANK3   BANK4   BANK5
      Params:         0       4       0       0       0       0       0
      Locals:         0       2       0       0       0       0       0
      Temps:          0       0       0       0       0       0       0
      Totals:         0       6       0       0       0       0       0
Total ram usage:        6 bytes
 Hardware stack levels used:    1
 Hardware stack levels required when called:    5
 This function calls:
		Nothing
 This function is called by:
		_CalcSpeed
 This function uses a non-reentrant model


 *************** function _HI_ISR *****************
 Defined at:
		line 301 in file "newmain.c"
 Parameters:    Size  Location     Type
		None
 Auto vars:     Size  Location     Type
  beat            2  106[COMRAM] int 
  beat            2  104[COMRAM] int 
 Return value:  Size  Location     Type
                  1    wreg      void 
 Registers used:
		wreg, status,2, status,0, tblptrl, tblptrh, tblptru, prodl, prodh, cstack
 Tracked objects:
		On entry : 
		On exit  : 
		Unchanged: 
 Data sizes:     COMRAM   BANK0   BANK1   BANK2   BANK3   BANK4   BANK5
      Params:         0       0       0       0       0       0       0
      Locals:         4       0       0       0       0       0       0
      Temps:          8       0       0       0       0       0       0
      Totals:        12       0       0       0       0       0       0
Total ram usage:       12 bytes
 Hardware stack levels used:    1
 Hardware stack levels required when called:    4
 This function calls:
		_playTone
		i2___aldiv
		i2___wmul
 This function is called by:
		Interrupt level 2
 This function uses a non-reentrant model


 *************** function i2___wmul *****************
 Defined at:
		line 15 in file "/opt/microchip/xc8/v2.00/pic/sources/c99/common/Umul16.c"
 Parameters:    Size  Location     Type
  multiplier      2    0[COMRAM] unsigned int 
  multiplicand    2    2[COMRAM] unsigned int 
 Auto vars:     Size  Location     Type
  __wmul          2    4[COMRAM] unsigned int 
 Return value:  Size  Location     Type
                  2    0[COMRAM] unsigned int 
 Registers used:
		wreg, status,2, status,0, prodl, prodh
 Tracked objects:
		On entry : 
		On exit  : 
		Unchanged: 
 Data sizes:     COMRAM   BANK0   BANK1   BANK2   BANK3   BANK4   BANK5
      Params:         4       0       0       0       0       0       0
      Locals:         2       0       0       0       0       0       0
      Temps:          0       0       0       0       0       0       0
      Totals:         6       0       0       0       0       0       0
Total ram usage:        6 bytes
 Hardware stack levels used:    1
 This function calls:
		Nothing
 This function is called by:
		_HI_ISR
 This function uses a non-reentrant model


 *************** function _playTone *****************
 Defined at:
		line 238 in file "newmain.c"
 Parameters:    Size  Location     Type
		None
 Auto vars:     Size  Location     Type
		None
 Return value:  Size  Location     Type
                  1    wreg      void 
 Registers used:
		wreg, status,2, status,0, prodl, prodh, cstack
 Tracked objects:
		On entry : 
		On exit  : 
		Unchanged: 
 Data sizes:     COMRAM   BANK0   BANK1   BANK2   BANK3   BANK4   BANK5
      Params:         0       0       0       0       0       0       0
      Locals:         0       0       0       0       0       0       0
      Temps:          0       0       0       0       0       0       0
      Totals:         0       0       0       0       0       0       0
Total ram usage:        0 bytes
 Hardware stack levels used:    1
 Hardware stack levels required when called:    3
 This function calls:
		i2_PWM_Duty
		i2_PWM_Init
 This function is called by:
		_HI_ISR
 This function uses a non-reentrant model


 *************** function i2_PWM_Init *****************
 Defined at:
		line 201 in file "newmain.c"
 Parameters:    Size  Location     Type
  desired_freq    4   14[COMRAM] long 
 Auto vars:     Size  Location     Type
		None
 Return value:  Size  Location     Type
                  1    wreg      void 
 Registers used:
		wreg, status,2, status,0, cstack
 Tracked objects:
		On entry : 
		On exit  : 
		Unchanged: 
 Data sizes:     COMRAM   BANK0   BANK1   BANK2   BANK3   BANK4   BANK5
      Params:         4       0       0       0       0       0       0
      Locals:         0       0       0       0       0       0       0
      Temps:          4       0       0       0       0       0       0
      Totals:         8       0       0       0       0       0       0
Total ram usage:        8 bytes
 Hardware stack levels used:    1
 Hardware stack levels required when called:    1
 This function calls:
		i2___aldiv
 This function is called by:
		_playTone
 This function uses a non-reentrant model


 *************** function i2_PWM_Duty *****************
 Defined at:
		line 210 in file "newmain.c"
 Parameters:    Size  Location     Type
  duty            2   92[COMRAM] unsigned int 
 Auto vars:     Size  Location     Type
		None
 Return value:  Size  Location     Type
                  1    wreg      void 
 Registers used:
		wreg, status,2, status,0, prodl, prodh, cstack
 Tracked objects:
		On entry : 
		On exit  : 
		Unchanged: 
 Data sizes:     COMRAM   BANK0   BANK1   BANK2   BANK3   BANK4   BANK5
      Params:         2       0       0       0       0       0       0
      Locals:         0       0       0       0       0       0       0
      Temps:          2       0       0       0       0       0       0
      Totals:         4       0       0       0       0       0       0
Total ram usage:        4 bytes
 Hardware stack levels used:    1
 Hardware stack levels required when called:    2
 This function calls:
		i2_PWM_Max_Duty
		i2___fldiv
		i2___flmul
		i2___fltol
		i2___xxtofl
 This function is called by:
		_playTone
 This function uses a non-reentrant model


 *************** function i2___xxtofl *****************
 Defined at:
		line 10 in file "/opt/microchip/xc8/v2.00/pic/sources/c99/common/xxtofl.c"
 Parameters:    Size  Location     Type
  sign            1    wreg     unsigned char 
  val             4   18[COMRAM] long 
 Auto vars:     Size  Location     Type
  sign            1   26[COMRAM] unsigned char 
  __xxtofl        4   28[COMRAM] unsigned long 
  __xxtofl        1   27[COMRAM] unsigned char 
 Return value:  Size  Location     Type
                  4   18[COMRAM] unsigned char 
 Registers used:
		wreg, status,2, status,0
 Tracked objects:
		On entry : 
		On exit  : 
		Unchanged: 
 Data sizes:     COMRAM   BANK0   BANK1   BANK2   BANK3   BANK4   BANK5
      Params:         4       0       0       0       0       0       0
      Locals:         6       0       0       0       0       0       0
      Temps:          4       0       0       0       0       0       0
      Totals:        14       0       0       0       0       0       0
Total ram usage:       14 bytes
 Hardware stack levels used:    1
 This function calls:
		Nothing
 This function is called by:
		i2_PWM_Duty
 This function uses a non-reentrant model


 *************** function i2___fltol *****************
 Defined at:
		line 43 in file "/opt/microchip/xc8/v2.00/pic/sources/c99/common/fltol.c"
 Parameters:    Size  Location     Type
  f1              4   82[COMRAM] unsigned char 
 Auto vars:     Size  Location     Type
  __fltol         1   91[COMRAM] unsigned char 
  __fltol         1   90[COMRAM] unsigned char 
 Return value:  Size  Location     Type
                  4   82[COMRAM] long 
 Registers used:
		wreg, status,2, status,0
 Tracked objects:
		On entry : 
		On exit  : 
		Unchanged: 
 Data sizes:     COMRAM   BANK0   BANK1   BANK2   BANK3   BANK4   BANK5
      Params:         4       0       0       0       0       0       0
      Locals:         2       0       0       0       0       0       0
      Temps:          4       0       0       0       0       0       0
      Totals:        10       0       0       0       0       0       0
Total ram usage:       10 bytes
 Hardware stack levels used:    1
 This function calls:
		Nothing
 This function is called by:
		i2_PWM_Duty
 This function uses a non-reentrant model


 *************** function i2___flmul *****************
 Defined at:
		line 8 in file "/opt/microchip/xc8/v2.00/pic/sources/c99/common/sprcmul.c"
 Parameters:    Size  Location     Type
  b               4   57[COMRAM] long 
  a               4   61[COMRAM] long 
 Auto vars:     Size  Location     Type
  __flmul         4   76[COMRAM] struct .
  __flmul         4   70[COMRAM] unsigned long 
  __flmul         2   80[COMRAM] struct .
  __flmul         1   75[COMRAM] unsigned char 
  __flmul         1   74[COMRAM] unsigned char 
  __flmul         1   69[COMRAM] unsigned char 
 Return value:  Size  Location     Type
                  4   57[COMRAM] unsigned char 
 Registers used:
		wreg, status,2, status,0, prodl, prodh
 Tracked objects:
		On entry : 
		On exit  : 
		Unchanged: 
 Data sizes:     COMRAM   BANK0   BANK1   BANK2   BANK3   BANK4   BANK5
      Params:         8       0       0       0       0       0       0
      Locals:        13       0       0       0       0       0       0
      Temps:          4       0       0       0       0       0       0
      Totals:        25       0       0       0       0       0       0
Total ram usage:       25 bytes
 Hardware stack levels used:    1
 This function calls:
		Nothing
 This function is called by:
		i2_PWM_Duty
 This function uses a non-reentrant model


 *************** function i2___fldiv *****************
 Defined at:
		line 11 in file "/opt/microchip/xc8/v2.00/pic/sources/c99/common/sprcdiv.c"
 Parameters:    Size  Location     Type
  b               4   32[COMRAM] unsigned char 
  a               4   36[COMRAM] unsigned char 
 Auto vars:     Size  Location     Type
  __fldiv         4   51[COMRAM] unsigned long 
  __fldiv         4   44[COMRAM] unsigned long 
  __fldiv         2   49[COMRAM] short 
  __fldiv         1   56[COMRAM] unsigned char 
  __fldiv         1   55[COMRAM] unsigned char 
  __fldiv         1   48[COMRAM] unsigned char 
 Return value:  Size  Location     Type
                  4   32[COMRAM] unsigned char 
 Registers used:
		wreg, status,2, status,0
 Tracked objects:
		On entry : 
		On exit  : 
		Unchanged: 
 Data sizes:     COMRAM   BANK0   BANK1   BANK2   BANK3   BANK4   BANK5
      Params:         8       0       0       0       0       0       0
      Locals:        13       0       0       0       0       0       0
      Temps:          4       0       0       0       0       0       0
      Totals:        25       0       0       0       0       0       0
Total ram usage:       25 bytes
 Hardware stack levels used:    1
 This function calls:
		Nothing
 This function is called by:
		i2_PWM_Duty
 This function uses a non-reentrant model


 *************** function i2_PWM_Max_Duty *****************
 Defined at:
		line 206 in file "newmain.c"
 Parameters:    Size  Location     Type
		None
 Auto vars:     Size  Location     Type
		None
 Return value:  Size  Location     Type
                  2   14[COMRAM] int 
 Registers used:
		wreg, status,2, status,0, cstack
 Tracked objects:
		On entry : 
		On exit  : 
		Unchanged: 
 Data sizes:     COMRAM   BANK0   BANK1   BANK2   BANK3   BANK4   BANK5
      Params:         2       0       0       0       0       0       0
      Locals:         0       0       0       0       0       0       0
      Temps:          2       0       0       0       0       0       0
      Totals:         4       0       0       0       0       0       0
Total ram usage:        4 bytes
 Hardware stack levels used:    1
 Hardware stack levels required when called:    1
 This function calls:
		i2___aldiv
 This function is called by:
		i2_PWM_Duty
 This function uses a non-reentrant model


 *************** function i2___aldiv *****************
 Defined at:
		line 7 in file "/opt/microchip/xc8/v2.00/pic/sources/c99/common/aldiv.c"
 Parameters:    Size  Location     Type
  dividend        4    0[COMRAM] long 
  divisor         4    4[COMRAM] long 
 Auto vars:     Size  Location     Type
  __aldiv         4   10[COMRAM] long 
  __aldiv         1    9[COMRAM] unsigned char 
  __aldiv         1    8[COMRAM] unsigned char 
 Return value:  Size  Location     Type
                  4    0[COMRAM] long 
 Registers used:
		wreg, status,2, status,0
 Tracked objects:
		On entry : 
		On exit  : 
		Unchanged: 
 Data sizes:     COMRAM   BANK0   BANK1   BANK2   BANK3   BANK4   BANK5
      Params:         8       0       0       0       0       0       0
      Locals:         6       0       0       0       0       0       0
      Temps:          0       0       0       0       0       0       0
      Totals:        14       0       0       0       0       0       0
Total ram usage:       14 bytes
 Hardware stack levels used:    1
 This function calls:
		Nothing
 This function is called by:
		_HI_ISR
		i2_PWM_Init
		i2_PWM_Max_Duty
 This function uses a non-reentrant model



MODULE INFORMATION

Module		Function		Class		Link	Load	Size
/opt/microchip/xc8/v2.00/pic/sources/c99/common/aldiv.c
		___aldiv       		CODE           	1C3C	0000	311

/opt/microchip/xc8/v2.00/pic/sources/c99/common/aldiv.c estimated size: 311

newmain.c
		_PWM_Duty      		CODE           	1FCE	0000	225
		_PWM_Start     		CODE           	2512	0000	13
		_HI_ISR        		CODE           	0008	0000	1199
		_main          		CODE           	2226	0000	159
		_CalcSpeed     		CODE           	1EA6	0000	297
		_Setup         		CODE           	2184	0000	163
		_playTone      		CODE           	24C8	0000	37
		_PWM_Max_Duty  		CODE           	2394	0000	81
		_PWM_Mode_On   		CODE           	251E	0000	7
		_SetupTimer    		CODE           	24EC	0000	25
		_SetupClock    		CODE           	2504	0000	15
		_PWM_Init      		CODE           	22C4	0000	107

newmain.c estimated size: 2328

/opt/microchip/xc8/v2.00/pic/sources/c99/common/xxtofl.c
		___xxtofl      		CODE           	15DA	0000	481

/opt/microchip/xc8/v2.00/pic/sources/c99/common/xxtofl.c estimated size: 481

/opt/microchip/xc8/v2.00/pic/sources/c99/common/sprcmul.c
		___flmul       		CODE           	04BA	0000	1137

/opt/microchip/xc8/v2.00/pic/sources/c99/common/sprcmul.c estimated size: 1137

shared
		_beats         		MEDIUMCONST    	7D38	0000	214
		i2_PWM_Duty    		CODE           	20AE	0000	215
		i2___wmul      		CODE           	249E	0000	43
		_beats2        		MEDIUMCONST    	7C3F	0000	250
		_melody        		MEDIUMCONST    	7A9B	0000	421
		i2___fldiv     		CODE           	11BA	0000	1057
		i2___fltol     		CODE           	1AEA	0000	339
		__initialization		CODE           	2432	0000	51
		i2___aldiv     		CODE           	1D72	0000	309
		i2___flmul     		CODE           	092A	0000	1135
		i2___xxtofl    		CODE           	17BA	0000	477
		i2_PWM_Init    		CODE           	232E	0000	103
		_melody2       		MEDIUMCONST    	7E0D	0000	499
		i2_PWM_Max_Duty		CODE           	23E4	0000	79

shared estimated size: 5192

/opt/microchip/xc8/v2.00/pic/sources/c99/common/sprcdiv.c
		___fldiv       		CODE           	0D98	0000	1059

/opt/microchip/xc8/v2.00/pic/sources/c99/common/sprcdiv.c estimated size: 1059

/opt/microchip/xc8/v2.00/pic/sources/c99/common/fltol.c
		___fltol       		CODE           	1996	0000	341

/opt/microchip/xc8/v2.00/pic/sources/c99/common/fltol.c estimated size: 341

/opt/microchip/xc8/v2.00/pic/sources/c99/common/Umul16.c
		___wmul        		CODE           	2472	0000	45

/opt/microchip/xc8/v2.00/pic/sources/c99/common/Umul16.c estimated size: 45

